beach-volleyball
world-para-athletics-championship

